// Jest Snapshot v1, https://goo.gl/fbAQLP

exports[`Trace 1`] = `
<div>
  <div
    style="width: 600px; height: 600px;"
  >
    <main
      class="sc-dJjYzT iVWlrj"
      height="300px"
    >
      <div
        class="sc-hGPBjI cVQbfo"
      >
        <div
          class="sc-fKVqWL bfwmLL"
        >
          <div
            class="sc-bBHxTw eTRexs"
          >
            <span
              aria-label="cluster"
              class="anticon anticon-cluster sc-iwjdpV grVIcu"
              role="img"
              style="font-size: 18px;"
              tabindex="-1"
            >
              <svg
                aria-hidden="true"
                data-icon="cluster"
                fill="currentColor"
                focusable="false"
                height="1em"
                viewBox="64 64 896 896"
                width="1em"
              >
                <path
                  d="M888 680h-54V540H546v-92h238c8.8 0 16-7.2 16-16V168c0-8.8-7.2-16-16-16H240c-8.8 0-16 7.2-16 16v264c0 8.8 7.2 16 16 16h238v92H190v140h-54c-4.4 0-8 3.6-8 8v176c0 4.4 3.6 8 8 8h176c4.4 0 8-3.6 8-8V688c0-4.4-3.6-8-8-8h-54v-72h220v72h-54c-4.4 0-8 3.6-8 8v176c0 4.4 3.6 8 8 8h176c4.4 0 8-3.6 8-8V688c0-4.4-3.6-8-8-8h-54v-72h220v72h-54c-4.4 0-8 3.6-8 8v176c0 4.4 3.6 8 8 8h176c4.4 0 8-3.6 8-8V688c0-4.4-3.6-8-8-8zM256 805.3c0 1.5-1.2 2.7-2.7 2.7h-58.7c-1.5 0-2.7-1.2-2.7-2.7v-58.7c0-1.5 1.2-2.7 2.7-2.7h58.7c1.5 0 2.7 1.2 2.7 2.7v58.7zm288 0c0 1.5-1.2 2.7-2.7 2.7h-58.7c-1.5 0-2.7-1.2-2.7-2.7v-58.7c0-1.5 1.2-2.7 2.7-2.7h58.7c1.5 0 2.7 1.2 2.7 2.7v58.7zM288 384V216h448v168H288zm544 421.3c0 1.5-1.2 2.7-2.7 2.7h-58.7c-1.5 0-2.7-1.2-2.7-2.7v-58.7c0-1.5 1.2-2.7 2.7-2.7h58.7c1.5 0 2.7 1.2 2.7 2.7v58.7zM360 300a40 40 0 1080 0 40 40 0 10-80 0z"
                />
              </svg>
            </span>
            <span
              aria-label="bars"
              class="anticon anticon-bars sc-cxpSdN gHBSOa"
              role="img"
              style="font-size: 18px;"
              tabindex="-1"
            >
              <svg
                aria-hidden="true"
                data-icon="bars"
                fill="currentColor"
                focusable="false"
                height="1em"
                viewBox="0 0 1024 1024"
                width="1em"
              >
                <path
                  d="M912 192H328c-4.4 0-8 3.6-8 8v56c0 4.4 3.6 8 8 8h584c4.4 0 8-3.6 8-8v-56c0-4.4-3.6-8-8-8zm0 284H328c-4.4 0-8 3.6-8 8v56c0 4.4 3.6 8 8 8h584c4.4 0 8-3.6 8-8v-56c0-4.4-3.6-8-8-8zm0 284H328c-4.4 0-8 3.6-8 8v56c0 4.4 3.6 8 8 8h584c4.4 0 8-3.6 8-8v-56c0-4.4-3.6-8-8-8zM104 228a56 56 0 10112 0 56 56 0 10-112 0zm0 284a56 56 0 10112 0 56 56 0 10-112 0zm0 284a56 56 0 10112 0 56 56 0 10-112 0z"
                />
              </svg>
            </span>
          </div>
          <span
            class="ant-input-affix-wrapper sc-llYSUQ iKhxFO"
          >
            <span
              class="ant-input-prefix"
            >
              <span
                aria-label="search"
                class="anticon anticon-search"
                role="img"
              >
                <svg
                  aria-hidden="true"
                  data-icon="search"
                  fill="currentColor"
                  focusable="false"
                  height="1em"
                  viewBox="64 64 896 896"
                  width="1em"
                >
                  <path
                    d="M909.6 854.5L649.9 594.8C690.2 542.7 712 479 712 412c0-80.2-31.3-155.4-87.9-212.1-56.6-56.7-132-87.9-212.1-87.9s-155.5 31.3-212.1 87.9C143.2 256.5 112 331.8 112 412c0 80.1 31.3 155.5 87.9 212.1C256.5 680.8 331.8 712 412 712c67 0 130.6-21.8 182.7-62l259.7 259.6a8.2 8.2 0 0011.6 0l43.6-43.5a8.2 8.2 0 000-11.6zM570.4 570.4C528 612.7 471.8 636 412 636s-116-23.3-158.4-65.6C211.3 528 188 471.8 188 412s23.3-116.1 65.6-158.4C296 211.3 352.2 188 412 188s116.1 23.2 158.4 65.6S636 352.2 636 412s-23.3 116.1-65.6 158.4z"
                  />
                </svg>
              </span>
            </span>
            <input
              class="ant-input"
              placeholder="Search in trace"
              type="text"
              value=""
            />
          </span>
        </div>
        <div
          class="sc-eCImPb kQLCbn"
          data-cy="diagram-dag"
        >
          <div
            class="react-flow"
          >
            <div
              class="react-flow__renderer react-flow__zoompane"
            >
              <div
                class="react-flow__nodes"
                style="transform: translate(0px,0px) scale(0.5);"
              >
                <div
                  class="react-flow__node react-flow__node-TraceNode selected selected selectable"
                  data-id="4938u43"
                  style="z-index: 10; transform: translate(100px,75px); pointer-events: all; opacity: 0;"
                >
                  <div
                    class="sc-bdvvtL fGMamS"
                    data-cy="trace-node-http"
                  >
                    <div
                      class="sc-gsDKAQ cmaxSH"
                    >
                      <span
                        class="ant-typography"
                      >
                        HTTP
                      </span>
                    </div>
                    <div
                      class="react-flow__handle react-flow__handle-top nodrag target connectable"
                      data-handleid="4938u43"
                      data-handlepos="top"
                      data-nodeid="4938u43"
                      style="top: 0px; border-radius: 0; visibility: hidden;"
                    />
                    <div
                      class="sc-hKwDye etMbsh"
                    >
                      
                      <span
                        class="ant-typography ant-typography-ellipsis ant-typography-single-line ant-typography-ellipsis-single-line sc-dkPtRN dvhzfk"
                      >
                        
                      </span>
                    </div>
                    <div
                      class="react-flow__handle react-flow__handle-bottom nodrag source connectable"
                      data-handleid="4938u43"
                      data-handlepos="bottom"
                      data-nodeid="4938u43"
                      style="bottom: 0px; border-radius: 0; visibility: hidden;"
                    />
                  </div>
                </div>
              </div>
              <svg
                class="react-flow__edges"
                height="500"
                width="500"
              >
                <defs>
                  <marker
                    class="react-flow__arrowhead"
                    id="react-flow__arrowclosed"
                    markerHeight="12.5"
                    markerWidth="12.5"
                    orient="auto"
                    refX="0"
                    refY="0"
                    viewBox="-10 -10 20 20"
                  >
                    <polyline
                      fill="#b1b1b7"
                      points="-5,-4 0,0 -5,4 -5,-4"
                      stroke="#b1b1b7"
                      stroke-linecap="round"
                      stroke-linejoin="round"
                      stroke-width="1"
                    />
                  </marker>
                  <marker
                    class="react-flow__arrowhead"
                    id="react-flow__arrow"
                    markerHeight="12.5"
                    markerWidth="12.5"
                    orient="auto"
                    refX="0"
                    refY="0"
                    viewBox="-10 -10 20 20"
                  >
                    <polyline
                      fill="none"
                      points="-5,-4 0,0 -5,4"
                      stroke="#b1b1b7"
                      stroke-linecap="round"
                      stroke-linejoin="round"
                      stroke-width="1.5"
                    />
                  </marker>
                </defs>
                <g
                  style="transform: translate(0px,0px) scale(0.5);"
                />
              </svg>
              <div
                class="react-flow__pane"
              />
            </div>
            <svg
              class="react-flow__background"
              style="width: 100%; height: 100%;"
            >
              <pattern
                height="2"
                id="pattern-40110"
                patternUnits="userSpaceOnUse"
                width="2"
                x="0"
                y="0"
              >
                <circle
                  cx="0.5"
                  cy="0.5"
                  fill="#FBFBFF"
                  r="0.5"
                />
              </pattern>
              <rect
                fill="url(#pattern-40110)"
                height="100%"
                width="100%"
                x="0"
                y="0"
              />
            </svg>
          </div>
        </div>
      </div>
      <div
        class="sc-dlVxhl hKPJke"
      >
        <div
          class="sc-fotOHu gyNzhm"
        >
          <div
            class="sc-iqseJM gLNCmO"
          >
            <h5
              class="ant-typography sc-crHmcD fbxtEG"
            >
              Span Details
            </h5>
            <span
              class="ant-typography"
            >
              HTTP •  • 
            </span>
          </div>
          <div
            class="ant-tabs ant-tabs-top sc-egiyK grcuFy"
            data-cy="span-details-attributes"
            style="margin-bottom: 150px; overflow: hidden;"
          >
            <div
              class="ant-tabs-nav"
              role="tablist"
            >
              <div
                class="ant-tabs-nav-wrap"
              >
                <div
                  class="ant-tabs-nav-list"
                  style="transform: translate(0px, 0px);"
                >
                  <div
                    class="ant-tabs-tab ant-tabs-tab-active"
                  >
                    <div
                      aria-controls="rc-tabs-test-panel-span-assertion"
                      aria-selected="true"
                      class="ant-tabs-tab-btn"
                      id="rc-tabs-test-tab-span-assertion"
                      role="tab"
                      tabindex="0"
                    >
                      Assertion
                    </div>
                  </div>
                  <div
                    class="ant-tabs-tab"
                  >
                    <div
                      aria-controls="rc-tabs-test-panel-span-request"
                      aria-selected="false"
                      class="ant-tabs-tab-btn"
                      id="rc-tabs-test-tab-span-request"
                      role="tab"
                      tabindex="0"
                    >
                      Request
                    </div>
                  </div>
                  <div
                    class="ant-tabs-tab"
                  >
                    <div
                      aria-controls="rc-tabs-test-panel-span-response"
                      aria-selected="false"
                      class="ant-tabs-tab-btn"
                      id="rc-tabs-test-tab-span-response"
                      role="tab"
                      tabindex="0"
                    >
                      Response
                    </div>
                  </div>
                  <div
                    class="ant-tabs-tab"
                  >
                    <div
                      aria-controls="rc-tabs-test-panel-span-attribute-list"
                      aria-selected="false"
                      class="ant-tabs-tab-btn"
                      id="rc-tabs-test-tab-span-attribute-list"
                      role="tab"
                      tabindex="0"
                    >
                      Attribute list
                    </div>
                  </div>
                  <div
                    class="ant-tabs-ink-bar ant-tabs-ink-bar-animated"
                  />
                </div>
              </div>
              <div
                class="ant-tabs-nav-operations ant-tabs-nav-operations-hidden"
              >
                <button
                  aria-controls="rc-tabs-test-more-popup"
                  aria-expanded="false"
                  aria-haspopup="listbox"
                  aria-hidden="true"
                  class="ant-tabs-nav-more"
                  id="rc-tabs-test-more"
                  style="visibility: hidden; order: 1;"
                  tabindex="-1"
                  type="button"
                >
                  <span
                    aria-label="ellipsis"
                    class="anticon anticon-ellipsis"
                    role="img"
                  >
                    <svg
                      aria-hidden="true"
                      data-icon="ellipsis"
                      fill="currentColor"
                      focusable="false"
                      height="1em"
                      viewBox="64 64 896 896"
                      width="1em"
                    >
                      <path
                        d="M176 511a56 56 0 10112 0 56 56 0 10-112 0zm280 0a56 56 0 10112 0 56 56 0 10-112 0zm280 0a56 56 0 10112 0 56 56 0 10-112 0z"
                      />
                    </svg>
                  </span>
                </button>
              </div>
            </div>
            <div
              class="ant-tabs-content-holder"
            >
              <div
                class="ant-tabs-content ant-tabs-content-top"
              >
                <div
                  aria-hidden="false"
                  aria-labelledby="rc-tabs-test-tab-span-assertion"
                  class="ant-tabs-tabpane ant-tabs-tabpane-active"
                  id="rc-tabs-test-panel-span-assertion"
                  role="tabpanel"
                  tabindex="0"
                >
                  <div>
                    <div
                      class="sc-fFeiMQ MSqGW"
                    >
                      <button
                        class="ant-btn ant-btn-primary ant-btn-background-ghost sc-bkkeKt djgNJH"
                        data-cy="add-assertion-button"
                        type="button"
                      >
                        <span
                          aria-label="plus"
                          class="anticon anticon-plus"
                          role="img"
                        >
                          <svg
                            aria-hidden="true"
                            data-icon="plus"
                            fill="currentColor"
                            focusable="false"
                            height="1em"
                            viewBox="64 64 896 896"
                            width="1em"
                          >
                            <defs>
                              <style />
                            </defs>
                            <path
                              d="M482 152h60q8 0 8 8v704q0 8-8 8h-60q-8 0-8-8V160q0-8 8-8z"
                            />
                            <path
                              d="M176 474h672q8 0 8 8v60q0 8-8 8H176q-8 0-8-8v-60q0-8 8-8z"
                            />
                          </svg>
                        </span>
                        <span>
                          Add Assertion
                        </span>
                      </button>
                    </div>
                    <div
                      class="sc-ksdxgE eejQJE"
                      data-cy="empty-assertion-table"
                    >
                      <img
                        class="sc-hBUSln"
                        src="SpanAssertionsEmptyState.svg"
                      />
                      <span
                        class="ant-typography ant-typography-disabled"
                      >
                        No Data
                      </span>
                    </div>
                  </div>
                </div>
                <div
                  aria-hidden="true"
                  aria-labelledby="rc-tabs-test-tab-span-request"
                  class="ant-tabs-tabpane"
                  id="rc-tabs-test-panel-span-request"
                  role="tabpanel"
                  style="display: none;"
                  tabindex="-1"
                />
                <div
                  aria-hidden="true"
                  aria-labelledby="rc-tabs-test-tab-span-response"
                  class="ant-tabs-tabpane"
                  id="rc-tabs-test-panel-span-response"
                  role="tabpanel"
                  style="display: none;"
                  tabindex="-1"
                />
                <div
                  aria-hidden="true"
                  aria-labelledby="rc-tabs-test-tab-span-attribute-list"
                  class="ant-tabs-tabpane"
                  id="rc-tabs-test-panel-span-attribute-list"
                  role="tabpanel"
                  style="display: none;"
                  tabindex="-1"
                />
              </div>
            </div>
          </div>
        </div>
      </div>
    </main>
  </div>
</div>
`;
