// Jest Snapshot v1, https://goo.gl/fbAQLP

exports[`Response 1`] = `
<div>
  <div
    class="ant-table-wrapper sc-bdvvtL kLJHSf"
  >
    <div
      class="ant-spin-nested-loading"
    >
      <div
        class="ant-spin-container"
      >
        <div
          class="ant-table ant-table-small ant-table-bordered ant-table-layout-fixed"
        >
          <div
            class="ant-table-container"
          >
            <div
              class="ant-table-content"
            >
              <table
                style="table-layout: fixed;"
              >
                <colgroup>
                  <col
                    style="width: 50%;"
                  />
                  <col
                    style="width: 50%;"
                  />
                </colgroup>
                <thead
                  class="ant-table-thead"
                >
                  <tr>
                    <th
                      class="ant-table-cell ant-table-cell-ellipsis"
                      title="Key"
                    >
                      Key
                    </th>
                    <th
                      class="ant-table-cell ant-table-cell-ellipsis"
                      title="Value"
                    >
                      Value
                    </th>
                  </tr>
                </thead>
                <tbody
                  class="ant-table-tbody"
                >
                  <tr
                    class="ant-table-row ant-table-row-level-0"
                    data-row-key="http.response.token"
                  >
                    <td
                      class="ant-table-cell ant-table-cell-ellipsis"
                      title="http.response.token"
                    >
                      http.response.token
                    </td>
                    <td
                      class="ant-table-cell ant-table-cell-ellipsis"
                      title="2309ei"
                    >
                      2309ei
                    </td>
                  </tr>
                  <tr
                    class="ant-table-row ant-table-row-level-0"
                    data-row-key="http.response.content"
                  >
                    <td
                      class="ant-table-cell ant-table-cell-ellipsis"
                      title="http.response.content"
                    >
                      http.response.content
                    </td>
                    <td
                      class="ant-table-cell ant-table-cell-ellipsis"
                      title="21232"
                    >
                      21232
                    </td>
                  </tr>
                </tbody>
              </table>
            </div>
          </div>
        </div>
      </div>
    </div>
  </div>
</div>
`;
