// Jest Snapshot v1, https://goo.gl/fbAQLP

exports[`Layout 1`] = `
<div>
  <div
    class="sc-bqiRlB eGzDFf"
  >
    <div
      class="sc-pVTFL cMobMb"
    >
      <h5
        class="ant-typography sc-jrQzAO bLVaNA"
      >
        Span Details
      </h5>
      <span
        class="ant-typography ant-typography-secondary"
      >
        General • mock • span-mock
      </span>
    </div>
    <div
      class="ant-tabs ant-tabs-top sc-kDTinF bZZsKx"
      data-cy="span-details-attributes"
      style="margin-bottom: 150px; overflow: hidden;"
    >
      <div
        class="ant-tabs-nav"
        role="tablist"
      >
        <div
          class="ant-tabs-nav-wrap"
        >
          <div
            class="ant-tabs-nav-list"
            style="transform: translate(0px, 0px);"
          >
            <div
              class="ant-tabs-tab ant-tabs-tab-active"
            >
              <div
                aria-controls="rc-tabs-test-panel-span-attribute-list"
                aria-selected="true"
                class="ant-tabs-tab-btn"
                id="rc-tabs-test-tab-span-attribute-list"
                role="tab"
                tabindex="0"
              >
                Attribute list
              </div>
            </div>
            <div
              class="ant-tabs-ink-bar ant-tabs-ink-bar-animated"
            />
          </div>
        </div>
        <div
          class="ant-tabs-nav-operations ant-tabs-nav-operations-hidden"
        >
          <button
            aria-controls="rc-tabs-test-more-popup"
            aria-expanded="false"
            aria-haspopup="listbox"
            aria-hidden="true"
            class="ant-tabs-nav-more"
            id="rc-tabs-test-more"
            style="visibility: hidden; order: 1;"
            tabindex="-1"
            type="button"
          >
            <span
              aria-label="ellipsis"
              class="anticon anticon-ellipsis"
              role="img"
            >
              <svg
                aria-hidden="true"
                data-icon="ellipsis"
                fill="currentColor"
                focusable="false"
                height="1em"
                viewBox="64 64 896 896"
                width="1em"
              >
                <path
                  d="M176 511a56 56 0 10112 0 56 56 0 10-112 0zm280 0a56 56 0 10112 0 56 56 0 10-112 0zm280 0a56 56 0 10112 0 56 56 0 10-112 0z"
                />
              </svg>
            </span>
          </button>
        </div>
      </div>
      <div
        class="ant-tabs-content-holder"
      >
        <div
          class="ant-tabs-content ant-tabs-content-top"
        >
          <div
            aria-hidden="false"
            aria-labelledby="rc-tabs-test-tab-span-attribute-list"
            class="ant-tabs-tabpane ant-tabs-tabpane-active"
            id="rc-tabs-test-panel-span-attribute-list"
            role="tabpanel"
            tabindex="0"
          >
            <div
              class="sc-furwcr bsfqEZ"
            >
              <div
                class="sc-bdvvtL laqDNn"
              >
                <div
                  class="sc-hKwDye fzIjgC"
                >
                  <span
                    class="ant-typography ant-typography-secondary sc-eCImPb kRXiwK"
                  >
                    service.name
                  </span>
                </div>
                <span
                  class="ant-typography sc-iCfMLu leaIeI"
                >
                  mock
                </span>
                <div
                  class="sc-jRQBWg bHOJVG"
                />
              </div>
              <div
                class="sc-bdvvtL laqDNn"
              >
                <div
                  class="sc-hKwDye fzIjgC"
                >
                  <span
                    class="ant-typography ant-typography-secondary sc-eCImPb kRXiwK"
                  >
                    name
                  </span>
                </div>
                <span
                  class="ant-typography sc-iCfMLu leaIeI"
                >
                  span-mock
                </span>
                <div
                  class="sc-jRQBWg bHOJVG"
                />
              </div>
              <div
                class="sc-bdvvtL laqDNn"
              >
                <div
                  class="sc-hKwDye fzIjgC"
                >
                  <span
                    class="ant-typography ant-typography-secondary sc-eCImPb kRXiwK"
                  >
                    tracetest.span.duration
                  </span>
                </div>
                <span
                  class="ant-typography sc-iCfMLu leaIeI"
                >
                  10
                </span>
                <div
                  class="sc-jRQBWg bHOJVG"
                />
              </div>
            </div>
          </div>
        </div>
      </div>
    </div>
  </div>
</div>
`;
