// Jest Snapshot v1, https://goo.gl/fbAQLP

exports[`SpanAttributesTable 1`] = `
<div>
  <div
    class="sc-eCImPb igWlOZ"
    data-cy="test-results"
  >
    <div
      class="sc-bdvvtL ftmYax"
      data-tour="trace_timeline"
      style="height: 0px;"
    >
      <span
        class="ant-typography sc-gsDKAQ"
      >
        <strong>
          Trace Information
        </strong>
      </span>
      <span
        class="ant-typography sc-dkPtRN hoDAHZ"
      >
        Trace Start 
        Tuesday, 17th May 2022 at 09:38:04
      </span>
      <span
        class="ant-typography sc-gsDKAQ"
      >
        <strong>
          1
           total spans • 
          0
           selectors • 
          0
           checks • 
          <span
            class="ant-badge ant-badge-not-a-wrapper"
          >
            <sup
              class="ant-scroll-number ant-badge-count"
              data-show="true"
              style="background-color: rgb(73, 170, 25);"
              title="P"
            >
              P
            </sup>
          </span>
           
          <span
            class="sc-hKwDye lhDCTR"
          >
            0
          </span>
          <span
            class="ant-badge ant-badge-not-a-wrapper"
          >
            <sup
              class="ant-scroll-number ant-badge-count"
              data-show="true"
              title="F"
            >
              F
            </sup>
          </span>
           
          <span
            class="sc-hKwDye lhDCTR"
          >
            0
          </span>
        </strong>
      </span>
    </div>
    <div
      class="sc-iCfMLu cmTlVF"
    >
      <div>
        <div
          class="sc-jRQBWg kKtPgd"
        >
          <img
            class="sc-gKclnd"
            src="SpanAssertionsEmptyState.svg"
          />
          <span
            class="ant-typography ant-typography-disabled"
          >
            No Data
          </span>
        </div>
      </div>
    </div>
  </div>
</div>
`;
