// Jest Snapshot v1, https://goo.gl/fbAQLP

exports[`SpanAttributesTable 1`] = `
<div>
  <div
    class="sc-eCImPb igWlOZ"
    data-cy="test-results"
  >
    <div
      class="sc-bdvvtL ftmYax"
      data-tour="trace_timeline"
      style="height: 0px;"
    >
      <span
        class="ant-typography sc-gsDKAQ"
      >
        <strong>
          Trace Information
        </strong>
      </span>
      <span
        class="ant-typography sc-dkPtRN hoDAHZ"
      >
        Trace Start 
        Saturday, 14th May 2022 at 16:49:41
      </span>
      <span
        class="ant-typography sc-gsDKAQ"
      >
        <strong>
           total spans • 
          0
           selectors • 
          0
           checks • 
          <span
            class="ant-badge ant-badge-not-a-wrapper"
          >
            <sup
              class="ant-scroll-number ant-badge-count"
              data-show="true"
              style="background-color: rgb(73, 170, 25);"
              title="P"
            >
              P
            </sup>
          </span>
           
          <span
            class="sc-hKwDye lhDCTR"
          >
            0
          </span>
          <span
            class="ant-badge ant-badge-not-a-wrapper"
          >
            <sup
              class="ant-scroll-number ant-badge-count"
              data-show="true"
              title="F"
            >
              F
            </sup>
          </span>
           
          <span
            class="sc-hKwDye lhDCTR"
          >
            0
          </span>
        </strong>
      </span>
    </div>
    <div
      class="sc-iCfMLu cmTlVF"
    >
      <div>
        <div
          class="ant-table-wrapper"
        >
          <div
            class="ant-spin-nested-loading"
          >
            <div
              class="ant-spin-container"
            >
              <div
                class="ant-table"
              >
                <div
                  class="ant-table-container"
                >
                  <div
                    class="ant-table-content"
                  >
                    <table
                      style="table-layout: auto;"
                    >
                      <colgroup />
                      <tbody
                        class="ant-table-tbody"
                      >
                        <tr
                          class="ant-table-row ant-table-row-level-0"
                          data-row-key="key0"
                        >
                          <td
                            class="ant-table-cell"
                          >
                            <div
                              class="ant-skeleton"
                            >
                              <div
                                class="ant-skeleton-content"
                              >
                                <h3
                                  class="ant-skeleton-title"
                                />
                              </div>
                            </div>
                          </td>
                        </tr>
                        <tr
                          class="ant-table-row ant-table-row-level-0"
                          data-row-key="key1"
                        >
                          <td
                            class="ant-table-cell"
                          >
                            <div
                              class="ant-skeleton"
                            >
                              <div
                                class="ant-skeleton-content"
                              >
                                <h3
                                  class="ant-skeleton-title"
                                />
                              </div>
                            </div>
                          </td>
                        </tr>
                        <tr
                          class="ant-table-row ant-table-row-level-0"
                          data-row-key="key2"
                        >
                          <td
                            class="ant-table-cell"
                          >
                            <div
                              class="ant-skeleton"
                            >
                              <div
                                class="ant-skeleton-content"
                              >
                                <h3
                                  class="ant-skeleton-title"
                                />
                              </div>
                            </div>
                          </td>
                        </tr>
                        <tr
                          class="ant-table-row ant-table-row-level-0"
                          data-row-key="key3"
                        >
                          <td
                            class="ant-table-cell"
                          >
                            <div
                              class="ant-skeleton"
                            >
                              <div
                                class="ant-skeleton-content"
                              >
                                <h3
                                  class="ant-skeleton-title"
                                />
                              </div>
                            </div>
                          </td>
                        </tr>
                        <tr
                          class="ant-table-row ant-table-row-level-0"
                          data-row-key="key4"
                        >
                          <td
                            class="ant-table-cell"
                          >
                            <div
                              class="ant-skeleton"
                            >
                              <div
                                class="ant-skeleton-content"
                              >
                                <h3
                                  class="ant-skeleton-title"
                                />
                              </div>
                            </div>
                          </td>
                        </tr>
                      </tbody>
                    </table>
                  </div>
                </div>
              </div>
            </div>
          </div>
        </div>
      </div>
    </div>
  </div>
</div>
`;
